// Jest Snapshot v1, https://goo.gl/fbAQLP

exports[`should render ExpenseListItem correctly 1`] = `
<div>
  <Link
    to="/edit/1"
  >
    <h3>
      workshop
    </h3>
  </Link>
  <p>
    $0.20
    -
    December 31st, 1969
  </p>
</div>
`;
