// Jest Snapshot v1, https://goo.gl/fbAQLP

exports[`should render ExpenseLIst with expenses 1`] = `
<div>
  <h1>
    Expense list
  </h1>
  <ExpenseListItem
    amount={20}
    createdAt={0}
    description="workshop"
    id="1"
    key="1"
    note=""
  />
  <ExpenseListItem
    amount={109500}
    createdAt={-345600000}
    description="gym"
    id="2"
    key="2"
    note=""
  />
  <ExpenseListItem
    amount={4500}
    createdAt={345600000}
    description="session"
    id="3"
    key="3"
    note=""
  />
</div>
`;

exports[`should render ExpenseLIst with expenses 2`] = `
<div>
  <h1>
    Expense list
  </h1>
</div>
`;
